Archive member included because of file (symbol)

/usr/local/gcc-arm-none-eabi-4_7-2013q1/bin/../lib/gcc/arm-none-eabi/4.7.3/../../../../arm-none-eabi/lib/armv7-m/libg.a(lib_a-errno.o)
                              ./libraries/CC3000_Host_Driver/socket.o (__errno)
/usr/local/gcc-arm-none-eabi-4_7-2013q1/bin/../lib/gcc/arm-none-eabi/4.7.3/../../../../arm-none-eabi/lib/armv7-m/libg.a(lib_a-impure.o)
                              /usr/local/gcc-arm-none-eabi-4_7-2013q1/bin/../lib/gcc/arm-none-eabi/4.7.3/../../../../arm-none-eabi/lib/armv7-m/libg.a(lib_a-errno.o) (_impure_ptr)
/usr/local/gcc-arm-none-eabi-4_7-2013q1/bin/../lib/gcc/arm-none-eabi/4.7.3/../../../../arm-none-eabi/lib/armv7-m/libg.a(lib_a-memcpy.o)
                              ./libraries/CC3000_Host_Driver/evnt_handler.o (memcpy)
/usr/local/gcc-arm-none-eabi-4_7-2013q1/bin/../lib/gcc/arm-none-eabi/4.7.3/../../../../arm-none-eabi/lib/armv7-m/libg.a(lib_a-memset.o)
                              ./src/main.o (memset)

Allocating common symbols
Common symbol       size              file

ucStatus_FW         0x1               ./src/main.o
profileArray        0x43              ./libraries/CC3000_Host_Driver/wlan.o
tSLInformation      0x44              ./libraries/CC3000_Host_Driver/wlan.o
cRMParamsFromEeprom
                    0x80              ./src/main.o
is_allocated        0xc               ./src/main.o
write_protected     0xc               ./src/main.o
ucStatus_Dr         0x1               ./src/main.o
cMacFromEeprom      0x6               ./src/main.o
sSpiInformation     0x14              ./src/cc3000_spi.o
key                 0x10              ./libraries/CC3000_Host_Driver/wlan.o
file_length         0x18              ./src/main.o
file_address        0x18              ./src/main.o
expandedKey         0xb0              ./libraries/CC3000_Host_Driver/security.o
wlan_tx_buffer      0x400             ./src/cc3000_spi.o
is_valid            0xc               ./src/main.o
wlan_rx_buffer      0x400             ./src/cc3000_spi.o

Discarded input sections

 .text          0x0000000000000000       0x14 ./startup/startup_stm32f10x_md.o
 .data          0x0000000000000000        0x0 ./startup/startup_stm32f10x_md.o
 .bss           0x0000000000000000        0x0 ./startup/startup_stm32f10x_md.o
 .group         0x0000000000000000        0x8 ./src/cc3000_spi.o
 .group         0x0000000000000000        0x8 ./src/cc3000_spi.o
 .group         0x0000000000000000        0x8 ./src/cc3000_spi.o
 .group         0x0000000000000000        0x8 ./src/cc3000_spi.o
 .group         0x0000000000000000        0x8 ./src/cc3000_spi.o
 .group         0x0000000000000000        0x8 ./src/cc3000_spi.o
 .group         0x0000000000000000        0x8 ./src/cc3000_spi.o
 .group         0x0000000000000000        0x8 ./src/cc3000_spi.o
 .group         0x0000000000000000        0x8 ./src/cc3000_spi.o
 .group         0x0000000000000000        0x8 ./src/cc3000_spi.o
 .group         0x0000000000000000        0x8 ./src/cc3000_spi.o
 .group         0x0000000000000000        0x8 ./src/cc3000_spi.o
 .group         0x0000000000000000        0x8 ./src/cc3000_spi.o
 .group         0x0000000000000000        0x8 ./src/cc3000_spi.o
 .group         0x0000000000000000        0x8 ./src/cc3000_spi.o
 .group         0x0000000000000000        0x8 ./src/cc3000_spi.o
 .group         0x0000000000000000        0x8 ./src/cc3000_spi.o
 .group         0x0000000000000000        0x8 ./src/cc3000_spi.o
 .group         0x0000000000000000        0x8 ./src/cc3000_spi.o
 .group         0x0000000000000000        0x8 ./src/cc3000_spi.o
 .group         0x0000000000000000        0x8 ./src/cc3000_spi.o
 .group         0x0000000000000000        0x8 ./src/cc3000_spi.o
 .group         0x0000000000000000        0x8 ./src/cc3000_spi.o
 .group         0x0000000000000000        0x8 ./src/cc3000_spi.o
 .group         0x0000000000000000        0x8 ./src/cc3000_spi.o
 .group         0x0000000000000000        0x8 ./src/cc3000_spi.o
 .group         0x0000000000000000        0x8 ./src/cc3000_spi.o
 .group         0x0000000000000000        0x8 ./src/cc3000_spi.o
 .group         0x0000000000000000        0x8 ./src/cc3000_spi.o
 .group         0x0000000000000000        0x8 ./src/cc3000_spi.o
 .group         0x0000000000000000        0x8 ./src/cc3000_spi.o
 .group         0x0000000000000000        0x8 ./src/cc3000_spi.o
 .group         0x0000000000000000        0x8 ./src/cc3000_spi.o
 .group         0x0000000000000000        0x8 ./src/cc3000_spi.o
 .group         0x0000000000000000        0x8 ./src/cc3000_spi.o
 .group         0x0000000000000000        0x8 ./src/cc3000_spi.o
 .group         0x0000000000000000        0x8 ./src/cc3000_spi.o
 .group         0x0000000000000000        0x8 ./src/cc3000_spi.o
 .group         0x0000000000000000        0x8 ./src/cc3000_spi.o
 .group         0x0000000000000000        0x8 ./src/cc3000_spi.o
 .group         0x0000000000000000        0x8 ./src/cc3000_spi.o
[...]
Memory Configuration

Name             Origin             Length             Attributes
RAM              0x0000000020000000 0x0000000000005000 xrw
FLASH            0x0000000008000000 0x0000000000020000 xr
FLASHB1          0x0000000000000000 0x0000000000000000 xr
EXTMEMB0         0x0000000000000000 0x0000000000000000 xr
EXTMEMB1         0x0000000000000000 0x0000000000000000 xr
EXTMEMB2         0x0000000000000000 0x0000000000000000 xr
EXTMEMB3         0x0000000000000000 0x0000000000000000 xr
*default*        0x0000000000000000 0xffffffffffffffff

Linker script and memory map

LOAD ./startup/startup_stm32f10x_md.o
LOAD ./src/cc3000_spi.o
LOAD ./src/hw_config.o
LOAD ./src/main.o
LOAD ./src/stm32_it.o
LOAD ./src/system_stm32f10x.o
LOAD ./libraries/STM32F10x_StdPeriph_Driver/src/misc.o
LOAD ./libraries/STM32F10x_StdPeriph_Driver/src/stm32f10x_adc.o
LOAD ./libraries/STM32F10x_StdPeriph_Driver/src/stm32f10x_bkp.o
LOAD ./libraries/STM32F10x_StdPeriph_Driver/src/stm32f10x_dma.o
LOAD ./libraries/STM32F10x_StdPeriph_Driver/src/stm32f10x_exti.o
LOAD ./libraries/STM32F10x_StdPeriph_Driver/src/stm32f10x_flash.o
LOAD ./libraries/STM32F10x_StdPeriph_Driver/src/stm32f10x_gpio.o
LOAD ./libraries/STM32F10x_StdPeriph_Driver/src/stm32f10x_i2c.o
LOAD ./libraries/STM32F10x_StdPeriph_Driver/src/stm32f10x_pwr.o
LOAD ./libraries/STM32F10x_StdPeriph_Driver/src/stm32f10x_rcc.o
LOAD ./libraries/STM32F10x_StdPeriph_Driver/src/stm32f10x_rtc.o
LOAD ./libraries/STM32F10x_StdPeriph_Driver/src/stm32f10x_spi.o
LOAD ./libraries/STM32F10x_StdPeriph_Driver/src/stm32f10x_tim.o
LOAD ./libraries/STM32F10x_StdPeriph_Driver/src/stm32f10x_usart.o
LOAD ./libraries/CC3000_Host_Driver/cc3000_common.o
LOAD ./libraries/CC3000_Host_Driver/evnt_handler.o
LOAD ./libraries/CC3000_Host_Driver/hci.o
LOAD ./libraries/CC3000_Host_Driver/netapp.o
LOAD ./libraries/CC3000_Host_Driver/nvmem.o
LOAD ./libraries/CC3000_Host_Driver/security.o
LOAD ./libraries/CC3000_Host_Driver/socket.o
LOAD ./libraries/CC3000_Host_Driver/wlan.o
START GROUP
LOAD /usr/local/gcc-arm-none-eabi-4_7-2013q1/bin/../lib/gcc/arm-none-eabi/4.7.3/armv7-m/libgcc.a
LOAD /usr/local/gcc-arm-none-eabi-4_7-2013q1/bin/../lib/gcc/arm-none-eabi/4.7.3/../../../../arm-none-eabi/lib/armv7-m/libg.a
LOAD /usr/local/gcc-arm-none-eabi-4_7-2013q1/bin/../lib/gcc/arm-none-eabi/4.7.3/../../../../arm-none-eabi/lib/armv7-m/libc.a
END GROUP
                0x0000000000000400                __Stack_Size = 0x400
                0x0000000000000400                PROVIDE (_Stack_Size, __Stack_Size)
                0x0000000020004c00                __Stack_Init = (_estack - __Stack_Size)
                0x0000000020004c00                PROVIDE (_Stack_Init, __Stack_Init)
                0x0000000000000100                _Minimum_Stack_Size = 0x100
                0x0000000020005000                _estack = 0x20005000

.isr_vector     0x0000000008000000      0x10c
                0x0000000008000000                . = ALIGN (0x4)
 *(.isr_vector)
 .isr_vector    0x0000000008000000      0x10c ./startup/startup_stm32f10x_md.o
                0x0000000008000000                g_pfnVectors
                0x000000000800010c                . = ALIGN (0x4)

.flashtext      0x000000000800010c        0x0
                0x000000000800010c                . = ALIGN (0x4)
 *(.flashtext)
                0x000000000800010c                . = ALIGN (0x4)

.text           0x000000000800010c     0x523c
                0x000000000800010c                . = ALIGN (0x4)
 *(.text)
 *(.text.*)
 .text.Reset_Handler
                0x000000000800010c       0x4c ./startup/startup_stm32f10x_md.o
                0x000000000800010c                Reset_Handler
 .text.Default_Handler
                0x0000000008000158        0x4 ./startup/startup_stm32f10x_md.o
                0x0000000008000158                USBWakeUp_IRQHandler
                0x0000000008000158                TIM1_CC_IRQHandler
                0x0000000008000158                PVD_IRQHandler
                0x0000000008000158                EXTI3_IRQHandler
                0x0000000008000158                I2C2_EV_IRQHandler
                0x0000000008000158                ADC1_2_IRQHandler
                0x0000000008000158                SPI1_IRQHandler
                0x0000000008000158                TAMPER_IRQHandler
                0x0000000008000158                DMA1_Channel4_IRQHandler
                0x0000000008000158                USART3_IRQHandler
                0x0000000008000158                RTC_IRQHandler
                0x0000000008000158                DMA1_Channel7_IRQHandler
                0x0000000008000158                CAN1_RX1_IRQHandler
                0x0000000008000158                TIM4_IRQHandler
                0x0000000008000158                I2C1_EV_IRQHandler
                0x0000000008000158                DMA1_Channel6_IRQHandler
                0x0000000008000158                TIM3_IRQHandler
                0x0000000008000158                RCC_IRQHandler
                0x0000000008000158                TIM1_TRG_COM_IRQHandler
                0x0000000008000158                DMA1_Channel1_IRQHandler
                0x0000000008000158                Default_Handler
                0x0000000008000158                EXTI9_5_IRQHandler
                0x0000000008000158                SPI2_IRQHandler
                0x0000000008000158                EXTI4_IRQHandler
                0x0000000008000158                USB_LP_CAN1_RX0_IRQHandler
                0x0000000008000158                USB_HP_CAN1_TX_IRQHandler
                0x0000000008000158                WWDG_IRQHandler
                0x0000000008000158                TIM2_IRQHandler
                0x0000000008000158                TIM1_BRK_IRQHandler
                0x0000000008000158                EXTI1_IRQHandler
                0x0000000008000158                RTCAlarm_IRQHandler
                0x0000000008000158                USART2_IRQHandler
                0x0000000008000158                I2C2_ER_IRQHandler
                0x0000000008000158                DMA1_Channel2_IRQHandler
                0x0000000008000158                CAN1_SCE_IRQHandler
                0x0000000008000158                FLASH_IRQHandler
                0x0000000008000158                USART1_IRQHandler
                0x0000000008000158                I2C1_ER_IRQHandler
                0x0000000008000158                EXTI2_IRQHandler
 .text.SpiOpen  0x000000000800015c       0x28 ./src/cc3000_spi.o
                0x000000000800015c                SpiOpen
 .text.SpiClose
                0x0000000008000184       0x1c ./src/cc3000_spi.o
                0x0000000008000184                SpiClose
 .text.SpiResumeSpi
                0x00000000080001a0        0x4 ./src/cc3000_spi.o
                0x00000000080001a0                SpiResumeSpi
 .text.SpiTriggerRxProcessing
                0x00000000080001a4       0x28 ./src/cc3000_spi.o
                0x00000000080001a4                SpiTriggerRxProcessing
 .text.SpiReadWriteStringInt
                0x00000000080001cc       0x80 ./src/cc3000_spi.o
                0x00000000080001cc                SpiReadWriteStringInt
 .text.SpiReadData
                0x000000000800024c        0xc ./src/cc3000_spi.o
                0x000000000800024c                SpiReadData
 .text.SpiReadWriteString
                0x0000000008000258       0x78 ./src/cc3000_spi.o
                0x0000000008000258                SpiReadWriteString
 .text.SpiWriteAsync
                0x00000000080002d0        0xc ./src/cc3000_spi.o
                0x00000000080002d0                SpiWriteAsync
 .text.SpiFirstWrite
                0x00000000080002dc       0x44 ./src/cc3000_spi.o
                0x00000000080002dc                SpiFirstWrite
 .text.SpiWrite
                0x0000000008000320       0xa0 ./src/cc3000_spi.o
                0x0000000008000320                SpiWrite
 .text.SpiReadDataCont
                0x00000000080003c0       0x68 ./src/cc3000_spi.o
                0x00000000080003c0                SpiReadDataCont
 .text.SpiReadHeader
                0x0000000008000428       0x10 ./src/cc3000_spi.o
                0x0000000008000428                SpiReadHeader
 .text.SpiContReadOperation
                0x0000000008000438       0x12 ./src/cc3000_spi.o
                0x0000000008000438                SpiContReadOperation
 *fill*         0x000000000800044a        0x2 00
 .text.SPI_DMA_IntHandler
                0x000000000800044c       0xf0 ./src/cc3000_spi.o
                0x000000000800044c                SPI_DMA_IntHandler
 .text.SPI_EXTI_IntHandler
                0x000000000800053c       0x70 ./src/cc3000_spi.o
                0x000000000800053c                SPI_EXTI_IntHandler
 .text.NVIC_Configuration
                0x00000000080005ac        0x8 ./src/hw_config.o
                0x00000000080005ac                NVIC_Configuration
 .text.LED_Init
                0x00000000080005b4       0x3c ./src/hw_config.o
                0x00000000080005b4                LED_Init
 .text.LED_On   0x00000000080005f0       0x1c ./src/hw_config.o
                0x00000000080005f0                LED_On
 .text.LED_Off  0x000000000800060c       0x1c ./src/hw_config.o
                0x000000000800060c                LED_Off
 .text.LED_Toggle
                0x0000000008000628       0x20 ./src/hw_config.o
                0x0000000008000628                LED_Toggle
 .text.BUTTON_EXTI_Config
                0x0000000008000648       0x44 ./src/hw_config.o
                0x0000000008000648                BUTTON_EXTI_Config
 .text.BUTTON_Init
                0x000000000800068c       0xf0 ./src/hw_config.o
                0x000000000800068c                BUTTON_Init
 .text.Set_System
                0x000000000800077c       0x98 ./src/hw_config.o
                0x000000000800077c                Set_System
 .text.BUTTON_GetState
                0x0000000008000814       0x1c ./src/hw_config.o
                0x0000000008000814                BUTTON_GetState
 .text.BUTTON_GetDebouncedState
                0x0000000008000830       0x14 ./src/hw_config.o
                0x0000000008000830                BUTTON_GetDebouncedState
 .text.CC3000_SPI_Init
                0x0000000008000844       0xa0 ./src/hw_config.o
                0x0000000008000844                CC3000_SPI_Init
 .text.CC3000_DMA_Config
                0x00000000080008e4       0x68 ./src/hw_config.o
                0x00000000080008e4                CC3000_DMA_Config
 .text.CC3000_SPI_DMA_Init
                0x000000000800094c       0x88 ./src/hw_config.o
                0x000000000800094c                CC3000_SPI_DMA_Init
 .text.CC3000_SPI_DMA_Channels
                0x00000000080009d4       0x20 ./src/hw_config.o
                0x00000000080009d4                CC3000_SPI_DMA_Channels
 .text.CC3000_Read_Interrupt_Pin
                0x00000000080009f4       0x14 ./src/hw_config.o
                0x00000000080009f4                CC3000_Read_Interrupt_Pin
 .text.CC3000_Interrupt_Enable
                0x0000000008000a08       0x6c ./src/hw_config.o
                0x0000000008000a08                CC3000_Interrupt_Enable
 .text.CC3000_Interrupt_Disable
                0x0000000008000a74       0x26 ./src/hw_config.o
                0x0000000008000a74                CC3000_Interrupt_Disable
 *fill*         0x0000000008000a9a        0x2 00
 .text.CC3000_Write_Enable_Pin
                0x0000000008000a9c       0x1c ./src/hw_config.o
                0x0000000008000a9c                CC3000_Write_Enable_Pin
 .text.CC3000_WIFI_Init
                0x0000000008000ab8       0x4c ./src/hw_config.o
                0x0000000008000ab8                CC3000_WIFI_Init
 .text.WLAN_Async_Callback
                0x0000000008000b04        0x2 ./src/main.o
                0x0000000008000b04                WLAN_Async_Callback
 .text.WLAN_Firmware_Patch
                0x0000000008000b06        0x8 ./src/main.o
                0x0000000008000b06                WLAN_Firmware_Patch
 .text.WLAN_Driver_Patch
                0x0000000008000b0e        0x8 ./src/main.o
                0x0000000008000b0e                WLAN_Driver_Patch
 .text.WLAN_BootLoader_Patch
                0x0000000008000b16        0x8 ./src/main.o
                0x0000000008000b16                WLAN_BootLoader_Patch
 *fill*         0x0000000008000b1e        0x2 00
 .text.Delay    0x0000000008000b20       0x10 ./src/main.o
                0x0000000008000b20                Delay
 .text.Timing_Decrement
                0x0000000008000b30       0x44 ./src/main.o
                0x0000000008000b30                Timing_Decrement
 .text.WLAN_Init_Driver
                0x0000000008000b74       0x7c ./src/main.o
                0x0000000008000b74                WLAN_Init_Driver
 .text.fat_write_content
                0x0000000008000bf0       0x68 ./src/main.o
                0x0000000008000bf0                fat_write_content
 .text.WLAN_Apply_Patch
                0x0000000008000c58      0x130 ./src/main.o
                0x0000000008000c58                WLAN_Apply_Patch
 .text.startup.main
                0x0000000008000d88       0x16 ./src/main.o
                0x0000000008000d88                main
 .text.NMI_Handler
                0x0000000008000d9e        0x2 ./src/stm32_it.o
                0x0000000008000d9e                NMI_Handler
 .text.HardFault_Handler
                0x0000000008000da0        0x2 ./src/stm32_it.o
                0x0000000008000da0                HardFault_Handler
 .text.MemManage_Handler
                0x0000000008000da2        0x2 ./src/stm32_it.o
                0x0000000008000da2                MemManage_Handler
 .text.BusFault_Handler
                0x0000000008000da4        0x2 ./src/stm32_it.o
                0x0000000008000da4                BusFault_Handler
 .text.UsageFault_Handler
                0x0000000008000da6        0x2 ./src/stm32_it.o
                0x0000000008000da6                UsageFault_Handler
 .text.SVC_Handler
                0x0000000008000da8        0x2 ./src/stm32_it.o
                0x0000000008000da8                SVC_Handler
 .text.DebugMon_Handler
                0x0000000008000daa        0x2 ./src/stm32_it.o
                0x0000000008000daa                DebugMon_Handler
 .text.PendSV_Handler
                0x0000000008000dac        0x2 ./src/stm32_it.o
                0x0000000008000dac                PendSV_Handler
 .text.SysTick_Handler
                0x0000000008000dae        0x4 ./src/stm32_it.o
                0x0000000008000dae                SysTick_Handler
 .text.DMA1_Channel3_IRQHandler
                0x0000000008000db2        0x4 ./src/stm32_it.o
                0x0000000008000db2                DMA1_Channel3_IRQHandler
 .text.DMA1_Channel5_IRQHandler
                0x0000000008000db6        0x4 ./src/stm32_it.o
                0x0000000008000db6                DMA1_Channel5_IRQHandler
 *fill*         0x0000000008000dba        0x2 00
 .text.EXTI0_IRQHandler
                0x0000000008000dbc       0x44 ./src/stm32_it.o
                0x0000000008000dbc                EXTI0_IRQHandler
 .text.EXTI15_10_IRQHandler
                0x0000000008000e00       0x44 ./src/stm32_it.o
                0x0000000008000e00                EXTI15_10_IRQHandler
 .text.TIM1_UP_IRQHandler
                0x0000000008000e44       0x3c ./src/stm32_it.o
                0x0000000008000e44                TIM1_UP_IRQHandler
 .text.SystemInit
                0x0000000008000e80       0xfc ./src/system_stm32f10x.o
                0x0000000008000e80                SystemInit
 .text.NVIC_PriorityGroupConfig
                0x0000000008000f7c       0x14 ./libraries/STM32F10x_StdPeriph_Driver/src/misc.o
                0x0000000008000f7c                NVIC_PriorityGroupConfig
 .text.NVIC_Init
                0x0000000008000f90       0x68 ./libraries/STM32F10x_StdPeriph_Driver/src/misc.o
                0x0000000008000f90                NVIC_Init
 .text.DMA_DeInit
                0x0000000008000ff8       0xf0 ./libraries/STM32F10x_StdPeriph_Driver/src/stm32f10x_dma.o
                0x0000000008000ff8                DMA_DeInit
 .text.DMA_Init
                0x00000000080010e8       0x40 ./libraries/STM32F10x_StdPeriph_Driver/src/stm32f10x_dma.o
                0x00000000080010e8                DMA_Init
 .text.DMA_Cmd  0x0000000008001128       0x16 ./libraries/STM32F10x_StdPeriph_Driver/src/stm32f10x_dma.o
                0x0000000008001128                DMA_Cmd
 .text.DMA_ITConfig
                0x000000000800113e       0x10 ./libraries/STM32F10x_StdPeriph_Driver/src/stm32f10x_dma.o
                0x000000000800113e                DMA_ITConfig
 .text.DMA_GetCurrDataCounter
                0x000000000800114e        0x6 ./libraries/STM32F10x_StdPeriph_Driver/src/stm32f10x_dma.o
                0x000000000800114e                DMA_GetCurrDataCounter
 .text.DMA_GetFlagStatus
                0x0000000008001154       0x1c ./libraries/STM32F10x_StdPeriph_Driver/src/stm32f10x_dma.o
                0x0000000008001154                DMA_GetFlagStatus
 .text.DMA_ClearFlag
                0x0000000008001170       0x14 ./libraries/STM32F10x_StdPeriph_Driver/src/stm32f10x_dma.o
                0x0000000008001170                DMA_ClearFlag
 .text.EXTI_Init
                0x0000000008001184       0x78 ./libraries/STM32F10x_StdPeriph_Driver/src/stm32f10x_exti.o
                0x0000000008001184                EXTI_Init
 .text.EXTI_ClearFlag
                0x00000000080011fc        0xc ./libraries/STM32F10x_StdPeriph_Driver/src/stm32f10x_exti.o
                0x00000000080011fc                EXTI_ClearFlag
 .text.EXTI_GetITStatus
                0x0000000008001208       0x20 ./libraries/STM32F10x_StdPeriph_Driver/src/stm32f10x_exti.o
                0x0000000008001208                EXTI_GetITStatus
 .text.GPIO_Init
                0x0000000008001228       0xa0 ./libraries/STM32F10x_StdPeriph_Driver/src/stm32f10x_gpio.o
                0x0000000008001228                GPIO_Init
 .text.GPIO_ReadInputDataBit
                0x00000000080012c8        0xc ./libraries/STM32F10x_StdPeriph_Driver/src/stm32f10x_gpio.o
                0x00000000080012c8                GPIO_ReadInputDataBit
 .text.GPIO_SetBits
                0x00000000080012d4        0x4 ./libraries/STM32F10x_StdPeriph_Driver/src/stm32f10x_gpio.o
                0x00000000080012d4                GPIO_SetBits
 .text.GPIO_ResetBits
                0x00000000080012d8        0x4 ./libraries/STM32F10x_StdPeriph_Driver/src/stm32f10x_gpio.o
                0x00000000080012d8                GPIO_ResetBits
 .text.GPIO_EXTILineConfig
                0x00000000080012dc       0x34 ./libraries/STM32F10x_StdPeriph_Driver/src/stm32f10x_gpio.o
                0x00000000080012dc                GPIO_EXTILineConfig
 .text.PWR_BackupAccessCmd
                0x0000000008001310        0xc ./libraries/STM32F10x_StdPeriph_Driver/src/stm32f10x_pwr.o
                0x0000000008001310                PWR_BackupAccessCmd
 .text.RCC_AHBPeriphClockCmd
                0x000000000800131c       0x18 ./libraries/STM32F10x_StdPeriph_Driver/src/stm32f10x_rcc.o
                0x000000000800131c                RCC_AHBPeriphClockCmd
 .text.RCC_APB2PeriphClockCmd
                0x0000000008001334       0x18 ./libraries/STM32F10x_StdPeriph_Driver/src/stm32f10x_rcc.o
                0x0000000008001334                RCC_APB2PeriphClockCmd
 .text.RCC_APB1PeriphClockCmd
                0x000000000800134c       0x18 ./libraries/STM32F10x_StdPeriph_Driver/src/stm32f10x_rcc.o
                0x000000000800134c                RCC_APB1PeriphClockCmd
 .text.SPI_Init
                0x0000000008001364       0x3e ./libraries/STM32F10x_StdPeriph_Driver/src/stm32f10x_spi.o
                0x0000000008001364                SPI_Init
 .text.SPI_Cmd  0x00000000080013a2       0x18 ./libraries/STM32F10x_StdPeriph_Driver/src/stm32f10x_spi.o
                0x00000000080013a2                SPI_Cmd
 .text.SPI_I2S_DMACmd
                0x00000000080013ba       0x12 ./libraries/STM32F10x_StdPeriph_Driver/src/stm32f10x_spi.o
                0x00000000080013ba                SPI_I2S_DMACmd
 .text.SPI_I2S_GetFlagStatus
                0x00000000080013cc        0xc ./libraries/STM32F10x_StdPeriph_Driver/src/stm32f10x_spi.o
                0x00000000080013cc                SPI_I2S_GetFlagStatus
 .text.TIM_TimeBaseInit
                0x00000000080013d8       0x94 ./libraries/STM32F10x_StdPeriph_Driver/src/stm32f10x_tim.o
                0x00000000080013d8                TIM_TimeBaseInit
 .text.TIM_TimeBaseStructInit
                0x000000000800146c       0x12 ./libraries/STM32F10x_StdPeriph_Driver/src/stm32f10x_tim.o
                0x000000000800146c                TIM_TimeBaseStructInit
 .text.TIM_Cmd  0x000000000800147e       0x18 ./libraries/STM32F10x_StdPeriph_Driver/src/stm32f10x_tim.o
                0x000000000800147e                TIM_Cmd
 .text.TIM_ITConfig
                0x0000000008001496       0x12 ./libraries/STM32F10x_StdPeriph_Driver/src/stm32f10x_tim.o
                0x0000000008001496                TIM_ITConfig
 .text.TIM_SelectOnePulseMode
                0x00000000080014a8       0x16 ./libraries/STM32F10x_StdPeriph_Driver/src/stm32f10x_tim.o
                0x00000000080014a8                TIM_SelectOnePulseMode
 .text.TIM_GetITStatus
                0x00000000080014be       0x16 ./libraries/STM32F10x_StdPeriph_Driver/src/stm32f10x_tim.o
                0x00000000080014be                TIM_GetITStatus
 .text.TIM_ClearITPendingBit
                0x00000000080014d4        0x8 ./libraries/STM32F10x_StdPeriph_Driver/src/stm32f10x_tim.o
                0x00000000080014d4                TIM_ClearITPendingBit
 .text.UINT32_TO_STREAM_f
                0x00000000080014dc       0x12 ./libraries/CC3000_Host_Driver/cc3000_common.o
                0x00000000080014dc                UINT32_TO_STREAM_f
 .text.UINT16_TO_STREAM_f
                0x00000000080014ee        0xa ./libraries/CC3000_Host_Driver/cc3000_common.o
                0x00000000080014ee                UINT16_TO_STREAM_f
 .text.STREAM_TO_UINT16_f
                0x00000000080014f8        0xe ./libraries/CC3000_Host_Driver/cc3000_common.o
                0x00000000080014f8                STREAM_TO_UINT16_f
 .text.STREAM_TO_UINT32_f
                0x0000000008001506       0x1a ./libraries/CC3000_Host_Driver/cc3000_common.o
                0x0000000008001506                STREAM_TO_UINT32_f
 .text.hci_unsol_handle_patch_request
                0x0000000008001520       0x74 ./libraries/CC3000_Host_Driver/evnt_handler.o
                0x0000000008001520                hci_unsol_handle_patch_request
 .text.set_socket_active_status
                0x0000000008001594       0x28 ./libraries/CC3000_Host_Driver/evnt_handler.o
                0x0000000008001594                set_socket_active_status
 .text.hci_unsol_event_handler
                0x00000000080015bc      0x1f0 ./libraries/CC3000_Host_Driver/evnt_handler.o
                0x00000000080015bc                hci_unsol_event_handler
 .text.hci_unsolicited_event_handler
                0x00000000080017ac       0x30 ./libraries/CC3000_Host_Driver/evnt_handler.o
                0x00000000080017ac                hci_unsolicited_event_handler
 .text.hci_event_handler
                0x00000000080017dc      0x380 ./libraries/CC3000_Host_Driver/evnt_handler.o
                0x00000000080017dc                hci_event_handler
 .text.SimpleLinkWaitEvent
                0x0000000008001b5c       0x14 ./libraries/CC3000_Host_Driver/evnt_handler.o
                0x0000000008001b5c                SimpleLinkWaitEvent
 .text.SimpleLinkWaitData
                0x0000000008001b70       0x14 ./libraries/CC3000_Host_Driver/evnt_handler.o
                0x0000000008001b70                SimpleLinkWaitData
 .text.hci_command_send
                0x0000000008001b84       0x22 ./libraries/CC3000_Host_Driver/hci.o
                0x0000000008001b84                hci_command_send
 .text.hci_data_command_send
                0x0000000008001ba6       0x28 ./libraries/CC3000_Host_Driver/hci.o
                0x0000000008001ba6                hci_data_command_send
 .text.hci_patch_send
                0x0000000008001bce       0xc6 ./libraries/CC3000_Host_Driver/hci.o
                0x0000000008001bce                hci_patch_send
 .text.nvmem_read
                0x0000000008001c94       0x5c ./libraries/CC3000_Host_Driver/nvmem.o
                0x0000000008001c94                nvmem_read
 .text.nvmem_write
                0x0000000008001cf0       0x64 ./libraries/CC3000_Host_Driver/nvmem.o
                0x0000000008001cf0                nvmem_write
 .text.nvmem_set_mac_address
                0x0000000008001d54       0x12 ./libraries/CC3000_Host_Driver/nvmem.o
                0x0000000008001d54                nvmem_set_mac_address
 .text.nvmem_get_mac_address
                0x0000000008001d66       0x12 ./libraries/CC3000_Host_Driver/nvmem.o
                0x0000000008001d66                nvmem_get_mac_address
 .text.nvmem_write_patch
                0x0000000008001d78       0x42 ./libraries/CC3000_Host_Driver/nvmem.o
                0x0000000008001d78                nvmem_write_patch
 *fill*         0x0000000008001dba        0x2 00
 .text.SpiReceiveHandler
                0x0000000008001dbc       0x10 ./libraries/CC3000_Host_Driver/wlan.o
                0x0000000008001dbc                SpiReceiveHandler
 .text.wlan_init
                0x0000000008001dcc       0x28 ./libraries/CC3000_Host_Driver/wlan.o
                0x0000000008001dcc                wlan_init
 .text.wlan_start
                0x0000000008001df4       0x94 ./libraries/CC3000_Host_Driver/wlan.o
                0x0000000008001df4                wlan_start
 .text.wlan_stop
                0x0000000008001e88       0x2c ./libraries/CC3000_Host_Driver/wlan.o
                0x0000000008001e88                wlan_stop
 .text.wlan_set_event_mask
                0x0000000008001eb4       0x64 ./libraries/CC3000_Host_Driver/wlan.o
                0x0000000008001eb4                wlan_set_event_mask
 .text.wlan_smart_config_set_prefix
                0x0000000008001f18       0x3c ./libraries/CC3000_Host_Driver/wlan.o
                0x0000000008001f18                wlan_smart_config_set_prefix
 .text.memcpy   0x0000000008001f54      0x15c /usr/local/gcc-arm-none-eabi-4_7-2013q1/bin/../lib/gcc/arm-none-eabi/4.7.3/../../../../arm-none-eabi/lib/armv7-m/libg.a(lib_a-memcpy.o)
                0x0000000008001f54                memcpy
 .text.memset   0x00000000080020b0      0x12c /usr/local/gcc-arm-none-eabi-4_7-2013q1/bin/../lib/gcc/arm-none-eabi/4.7.3/../../../../arm-none-eabi/lib/armv7-m/libg.a(lib_a-memset.o)
                0x00000000080020b0                memset
 *(.rodata)
 .rodata        0x00000000080021dc       0x28 ./src/hw_config.o
                0x00000000080021dc                LED_CLK
                0x00000000080021e4                LED_PIN
                0x00000000080021e8                BUTTON_PORT_SOURCE
                0x00000000080021ec                BUTTON_PIN_SOURCE
                0x00000000080021f0                BUTTON_EXTI_LINE
                0x00000000080021f4                BUTTON_CLK
                0x00000000080021fc                BUTTON_PIN
                0x0000000008002200                BUTTON_IRQn
 .rodata        0x0000000008002204     0x3140 ./src/main.o
                0x0000000008002204                cRMdefaultParams
                0x0000000008002284                wlan_drv_patch
                0x000000000800413c                fw_patch
 *(.rodata*)
 .rodata.str1.1
                0x0000000008005344        0x3 ./src/main.o
 *(.glue_7)
 .glue_7        0x0000000000000000        0x0 linker stubs
 *(.glue_7t)
 .glue_7t       0x0000000000000000        0x0 linker stubs
                0x0000000008005348                . = ALIGN (0x4)
 *fill*         0x0000000008005347        0x1 00
                0x0000000008005348                _etext = .
                0x0000000008005348                _sidata = _etext

.vfp11_veneer   0x0000000008005348        0x0
 .vfp11_veneer  0x0000000000000000        0x0 linker stubs

.v4_bx          0x0000000008005348        0x0
 .v4_bx         0x0000000000000000        0x0 linker stubs

.iplt           0x0000000008005348        0x0
 .iplt          0x0000000000000000        0x0 ./startup/startup_stm32f10x_md.o

.rel.dyn        0x0000000008005348        0x0
 .rel.iplt      0x0000000000000000        0x0 ./startup/startup_stm32f10x_md.o

.data           0x0000000020000000       0x70 load address 0x0000000008005348
                0x0000000020000000                . = ALIGN (0x4)
                0x0000000020000000                _sdata = .
 *(.data)
 .data          0x0000000020000000        0x5 ./src/cc3000_spi.o
                0x0000000020000000                tSpiReadHeader
 *fill*         0x0000000020000005        0x3 00
 .data          0x0000000020000008       0x14 ./src/hw_config.o
                0x0000000020000008                LED_PORT
                0x0000000020000010                BUTTON_EXTI_TRIGGER
                0x0000000020000012                BUTTON_GPIO_MODE
                0x0000000020000014                BUTTON_PORT
 .data          0x000000002000001c       0x3a ./src/main.o
                0x000000002000001c                CC3000_PATCH_APPLIED
                0x000000002000001d                aucCC3000_prefix
                0x0000000020000020                mac_status
                0x0000000020000021                return_status
                0x0000000020000022                aFATEntries
                0x0000000020000052                drv_length
                0x0000000020000054                fw_length
 *fill*         0x0000000020000056        0x2 00
 .data          0x0000000020000058       0x14 ./src/system_stm32f10x.o
                0x0000000020000058                SystemCoreClock
                0x000000002000005c                AHBPrescTable
 .data          0x000000002000006c        0x4 ./libraries/CC3000_Host_Driver/evnt_handler.o
                0x000000002000006c                socket_active_status
 *(.data.*)
                0x0000000020000070                . = ALIGN (0x4)
                0x0000000020000070                _edata = .

.igot.plt       0x0000000020000070        0x0 load address 0x00000000080053b8
 .igot.plt      0x0000000000000000        0x0 ./startup/startup_stm32f10x_md.o

.bss            0x0000000020000070      0x99c load address 0x00000000080053b8
                0x0000000020000070                . = ALIGN (0x4)
                0x0000000020000070                _sbss = .
 *(.bss)
 .bss           0x0000000020000070        0x2 ./src/hw_config.o
                0x0000000020000070                BUTTON_DEBOUNCED
 *fill*         0x0000000020000072        0x2 00
 .bss           0x0000000020000074       0x10 ./src/main.o
                0x0000000020000080                counter
 *(COMMON)
 COMMON         0x0000000020000084      0x814 ./src/cc3000_spi.o
                0x0000000020000084                sSpiInformation
                0x0000000020000098                wlan_tx_buffer
                0x0000000020000498                wlan_rx_buffer
 COMMON         0x0000000020000898       0xdc ./src/main.o
                0x0000000020000898                ucStatus_FW
                0x0000000020000899                cRMParamsFromEeprom
                0x0000000020000919                is_allocated
                0x0000000020000925                write_protected
                0x0000000020000931                ucStatus_Dr
                0x0000000020000932                cMacFromEeprom
                0x0000000020000938                file_length
                0x0000000020000950                file_address
                0x0000000020000968                is_valid
 COMMON         0x0000000020000974       0x98 ./libraries/CC3000_Host_Driver/wlan.o
                0x0000000020000974                profileArray
                0x00000000200009b8                tSLInformation
                0x00000000200009fc                key
                0x0000000020000a0c                . = ALIGN (0x4)
                0x0000000020000a0c                _ebss = .
                0x0000000020000a0c                PROVIDE (end, _ebss)
                0x0000000020000a0c                PROVIDE (_end, _ebss)

._usrstack      0x0000000020000a0c      0x100 load address 0x0000000008005d54
                0x0000000020000a0c                . = ALIGN (0x4)
                0x0000000020000a0c                _susrstack = .
                0x0000000020000b0c                . = (. + _Minimum_Stack_Size)
 *fill*         0x0000000020000a0c      0x100 00
                0x0000000020000b0c                . = ALIGN (0x4)
                0x0000000020000b0c                _eusrstack = .

.b1text
 *(.b1text)
 *(.b1rodata)
 *(.b1rodata*)

.eb0text
 *(.eb0text)
 *(.eb0rodata)
 *(.eb0rodata*)

.eb1text
 *(.eb1text)
 *(.eb1rodata)
 *(.eb1rodata*)

.eb2text
 *(.eb2text)
 *(.eb2rodata)
 *(.eb2rodata*)

.eb3text
 *(.eb3text)
 *(.eb3rodata)
 *(.eb3rodata*)

DISCARD
 libc.a(*)
 libm.a(*)
 libgcc.a(*)

.stab
 *(.stab)

.stabstr
 *(.stabstr)

.stab.excl
 *(.stab.excl)

.stab.exclstr
 *(.stab.exclstr)

.stab.index
 *(.stab.index)

.stab.indexstr
 *(.stab.indexstr)

.comment        0x0000000000000000       0x70
 *(.comment)
 .comment       0x0000000000000000       0x70 ./src/cc3000_spi.o
                                         0x71 (size before relaxing)
 .comment       0x0000000000000000       0x71 ./src/hw_config.o
 .comment       0x0000000000000000       0x71 ./src/main.o
 .comment       0x0000000000000000       0x71 ./src/stm32_it.o
 .comment       0x0000000000000000       0x71 ./src/system_stm32f10x.o
 .comment       0x0000000000000000       0x71 ./libraries/STM32F10x_StdPeriph_Driver/src/misc.o
 .comment       0x0000000000000000       0x71 ./libraries/STM32F10x_StdPeriph_Driver/src/stm32f10x_dma.o
 .comment       0x0000000000000000       0x71 ./libraries/STM32F10x_StdPeriph_Driver/src/stm32f10x_exti.o
 .comment       0x0000000000000000       0x71 ./libraries/STM32F10x_StdPeriph_Driver/src/stm32f10x_gpio.o
 .comment       0x0000000000000000       0x71 ./libraries/STM32F10x_StdPeriph_Driver/src/stm32f10x_pwr.o
 .comment       0x0000000000000000       0x71 ./libraries/STM32F10x_StdPeriph_Driver/src/stm32f10x_rcc.o
 .comment       0x0000000000000000       0x71 ./libraries/STM32F10x_StdPeriph_Driver/src/stm32f10x_spi.o
 .comment       0x0000000000000000       0x71 ./libraries/STM32F10x_StdPeriph_Driver/src/stm32f10x_tim.o
 .comment       0x0000000000000000       0x71 ./libraries/CC3000_Host_Driver/cc3000_common.o
 .comment       0x0000000000000000       0x71 ./libraries/CC3000_Host_Driver/evnt_handler.o
 .comment       0x0000000000000000       0x71 ./libraries/CC3000_Host_Driver/hci.o
 .comment       0x0000000000000000       0x71 ./libraries/CC3000_Host_Driver/nvmem.o
 .comment       0x0000000000000000       0x71 ./libraries/CC3000_Host_Driver/wlan.o

.ARM.attributes
                0x0000000000000000       0x2f
 .ARM.attributes
                0x0000000000000000       0x21 ./startup/startup_stm32f10x_md.o
 .ARM.attributes
                0x0000000000000021       0x33 ./src/cc3000_spi.o
 .ARM.attributes
                0x0000000000000054       0x33 ./src/hw_config.o
 .ARM.attributes
                0x0000000000000087       0x33 ./src/main.o
 .ARM.attributes
                0x00000000000000ba       0x33 ./src/stm32_it.o
 .ARM.attributes
                0x00000000000000ed       0x33 ./src/system_stm32f10x.o
 .ARM.attributes
                0x0000000000000120       0x33 ./libraries/STM32F10x_StdPeriph_Driver/src/misc.o
 .ARM.attributes
                0x0000000000000153       0x33 ./libraries/STM32F10x_StdPeriph_Driver/src/stm32f10x_dma.o
 .ARM.attributes
                0x0000000000000186       0x33 ./libraries/STM32F10x_StdPeriph_Driver/src/stm32f10x_exti.o
 .ARM.attributes
                0x00000000000001b9       0x33 ./libraries/STM32F10x_StdPeriph_Driver/src/stm32f10x_gpio.o
 .ARM.attributes
                0x00000000000001ec       0x33 ./libraries/STM32F10x_StdPeriph_Driver/src/stm32f10x_pwr.o
 .ARM.attributes
                0x000000000000021f       0x33 ./libraries/STM32F10x_StdPeriph_Driver/src/stm32f10x_rcc.o
 .ARM.attributes
                0x0000000000000252       0x33 ./libraries/STM32F10x_StdPeriph_Driver/src/stm32f10x_spi.o
 .ARM.attributes
                0x0000000000000285       0x33 ./libraries/STM32F10x_StdPeriph_Driver/src/stm32f10x_tim.o
 .ARM.attributes
                0x00000000000002b8       0x33 ./libraries/CC3000_Host_Driver/cc3000_common.o
 .ARM.attributes
                0x00000000000002eb       0x33 ./libraries/CC3000_Host_Driver/evnt_handler.o
 .ARM.attributes
                0x000000000000031e       0x33 ./libraries/CC3000_Host_Driver/hci.o
 .ARM.attributes
                0x0000000000000351       0x33 ./libraries/CC3000_Host_Driver/nvmem.o
 .ARM.attributes
                0x0000000000000384       0x33 ./libraries/CC3000_Host_Driver/wlan.o
 .ARM.attributes
                0x00000000000003b7       0x2d /usr/local/gcc-arm-none-eabi-4_7-2013q1/bin/../lib/gcc/arm-none-eabi/4.7.3/../../../../arm-none-eabi/lib/armv7-m/libg.a(lib_a-memcpy.o)
 .ARM.attributes
                0x00000000000003e4       0x2d /usr/local/gcc-arm-none-eabi-4_7-2013q1/bin/../lib/gcc/arm-none-eabi/4.7.3/../../../../arm-none-eabi/lib/armv7-m/libg.a(lib_a-memset.o)

.debug
 *(.debug)

.line
 *(.line)

.debug_srcinfo
 *(.debug_srcinfo)

.debug_sfnames
 *(.debug_sfnames)

.debug_aranges  0x0000000000000000      0xb30
 *(.debug_aranges)
 .debug_aranges
                0x0000000000000000       0x28 ./startup/startup_stm32f10x_md.o
 .debug_aranges
                0x0000000000000028       0xa0 ./src/cc3000_spi.o
 .debug_aranges
                0x00000000000000c8       0xb0 ./src/hw_config.o
 .debug_aranges
                0x0000000000000178       0x70 ./src/main.o
 .debug_aranges
                0x00000000000001e8       0x88 ./src/stm32_it.o
 .debug_aranges
                0x0000000000000270       0x28 ./src/system_stm32f10x.o
 .debug_aranges
                0x0000000000000298       0x40 ./libraries/STM32F10x_StdPeriph_Driver/src/misc.o
 .debug_aranges
                0x00000000000002d8       0x70 ./libraries/STM32F10x_StdPeriph_Driver/src/stm32f10x_dma.o
 .debug_aranges
                0x0000000000000348       0x58 ./libraries/STM32F10x_StdPeriph_Driver/src/stm32f10x_exti.o
 .debug_aranges
                0x00000000000003a0       0xa8 ./libraries/STM32F10x_StdPeriph_Driver/src/stm32f10x_gpio.o
 .debug_aranges
                0x0000000000000448       0x60 ./libraries/STM32F10x_StdPeriph_Driver/src/stm32f10x_pwr.o
 .debug_aranges
                0x00000000000004a8      0x118 ./libraries/STM32F10x_StdPeriph_Driver/src/stm32f10x_rcc.o
 .debug_aranges
                0x00000000000005c0       0xd0 ./libraries/STM32F10x_StdPeriph_Driver/src/stm32f10x_spi.o
 .debug_aranges
                0x0000000000000690      0x2e0 ./libraries/STM32F10x_StdPeriph_Driver/src/stm32f10x_tim.o
 .debug_aranges
                0x0000000000000970       0x40 ./libraries/CC3000_Host_Driver/cc3000_common.o
 .debug_aranges
                0x00000000000009b0       0x58 ./libraries/CC3000_Host_Driver/evnt_handler.o
 .debug_aranges
                0x0000000000000a08       0x38 ./libraries/CC3000_Host_Driver/hci.o
 .debug_aranges
                0x0000000000000a40       0x50 ./libraries/CC3000_Host_Driver/nvmem.o
 .debug_aranges
                0x0000000000000a90       0xa0 ./libraries/CC3000_Host_Driver/wlan.o

.debug_pubnames
 *(.debug_pubnames)

.debug_info     0x0000000000000000     0xc873
 *(.debug_info .gnu.linkonce.wi.*)
 .debug_info    0x0000000000000000       0x7a ./startup/startup_stm32f10x_md.o
 .debug_info    0x000000000000007a      0xf4b ./src/cc3000_spi.o
 .debug_info    0x0000000000000fc5     0x1d39 ./src/hw_config.o
 .debug_info    0x0000000000002cfe      0xb99 ./src/main.o
 .debug_info    0x0000000000003897      0x769 ./src/stm32_it.o
 .debug_info    0x0000000000004000      0x4e2 ./src/system_stm32f10x.o
 .debug_info    0x00000000000044e2      0x59c ./libraries/STM32F10x_StdPeriph_Driver/src/misc.o
 .debug_info    0x0000000000004a7e      0x4b2 ./libraries/STM32F10x_StdPeriph_Driver/src/stm32f10x_dma.o
 .debug_info    0x0000000000004f30      0x373 ./libraries/STM32F10x_StdPeriph_Driver/src/stm32f10x_exti.o
 .debug_info    0x00000000000052a3      0x844 ./libraries/STM32F10x_StdPeriph_Driver/src/stm32f10x_gpio.o
 .debug_info    0x0000000000005ae7      0x50b ./libraries/STM32F10x_StdPeriph_Driver/src/stm32f10x_pwr.o
 .debug_info    0x0000000000005ff2      0x948 ./libraries/STM32F10x_StdPeriph_Driver/src/stm32f10x_rcc.o
 .debug_info    0x000000000000693a      0xa63 ./libraries/STM32F10x_StdPeriph_Driver/src/stm32f10x_spi.o
 .debug_info    0x000000000000739d     0x22c1 ./libraries/STM32F10x_StdPeriph_Driver/src/stm32f10x_tim.o
 .debug_info    0x000000000000965e      0x1a7 ./libraries/CC3000_Host_Driver/cc3000_common.o
 .debug_info    0x0000000000009805      0xe99 ./libraries/CC3000_Host_Driver/evnt_handler.o
 .debug_info    0x000000000000a69e      0x4a8 ./libraries/CC3000_Host_Driver/hci.o
 .debug_info    0x000000000000ab46      0x860 ./libraries/CC3000_Host_Driver/nvmem.o
 .debug_info    0x000000000000b3a6     0x14cd ./libraries/CC3000_Host_Driver/wlan.o

.debug_abbrev   0x0000000000000000     0x27f5
 *(.debug_abbrev)
 .debug_abbrev  0x0000000000000000       0x12 ./startup/startup_stm32f10x_md.o
 .debug_abbrev  0x0000000000000012      0x3a9 ./src/cc3000_spi.o
 .debug_abbrev  0x00000000000003bb      0x3be ./src/hw_config.o
 .debug_abbrev  0x0000000000000779      0x29f ./src/main.o
 .debug_abbrev  0x0000000000000a18      0x1eb ./src/stm32_it.o
 .debug_abbrev  0x0000000000000c03      0x182 ./src/system_stm32f10x.o
 .debug_abbrev  0x0000000000000d85      0x157 ./libraries/STM32F10x_StdPeriph_Driver/src/misc.o
 .debug_abbrev  0x0000000000000edc      0x194 ./libraries/STM32F10x_StdPeriph_Driver/src/stm32f10x_dma.o
 .debug_abbrev  0x0000000000001070      0x181 ./libraries/STM32F10x_StdPeriph_Driver/src/stm32f10x_exti.o
 .debug_abbrev  0x00000000000011f1      0x214 ./libraries/STM32F10x_StdPeriph_Driver/src/stm32f10x_gpio.o
 .debug_abbrev  0x0000000000001405      0x1d6 ./libraries/STM32F10x_StdPeriph_Driver/src/stm32f10x_pwr.o
 .debug_abbrev  0x00000000000015db      0x20e ./libraries/STM32F10x_StdPeriph_Driver/src/stm32f10x_rcc.o
 .debug_abbrev  0x00000000000017e9      0x21d ./libraries/STM32F10x_StdPeriph_Driver/src/stm32f10x_spi.o
 .debug_abbrev  0x0000000000001a06      0x306 ./libraries/STM32F10x_StdPeriph_Driver/src/stm32f10x_tim.o
 .debug_abbrev  0x0000000000001d0c       0xb5 ./libraries/CC3000_Host_Driver/cc3000_common.o
 .debug_abbrev  0x0000000000001dc1      0x3a1 ./libraries/CC3000_Host_Driver/evnt_handler.o
 .debug_abbrev  0x0000000000002162      0x159 ./libraries/CC3000_Host_Driver/hci.o
 .debug_abbrev  0x00000000000022bb      0x207 ./libraries/CC3000_Host_Driver/nvmem.o
 .debug_abbrev  0x00000000000024c2      0x333 ./libraries/CC3000_Host_Driver/wlan.o

.debug_line     0x0000000000000000     0x7c2d
 *(.debug_line)
 .debug_line    0x0000000000000000       0x7d ./startup/startup_stm32f10x_md.o
 .debug_line    0x000000000000007d      0x7da ./src/cc3000_spi.o
 .debug_line    0x0000000000000857      0x80c ./src/hw_config.o
 .debug_line    0x0000000000001063      0x799 ./src/main.o
 .debug_line    0x00000000000017fc      0x6e1 ./src/stm32_it.o
 .debug_line    0x0000000000001edd      0x4ef ./src/system_stm32f10x.o
 .debug_line    0x00000000000023cc      0x50b ./libraries/STM32F10x_StdPeriph_Driver/src/misc.o
 .debug_line    0x00000000000028d7      0x5bc ./libraries/STM32F10x_StdPeriph_Driver/src/stm32f10x_dma.o
 .debug_line    0x0000000000002e93      0x564 ./libraries/STM32F10x_StdPeriph_Driver/src/stm32f10x_exti.o
 .debug_line    0x00000000000033f7      0x671 ./libraries/STM32F10x_StdPeriph_Driver/src/stm32f10x_gpio.o
 .debug_line    0x0000000000003a68      0x568 ./libraries/STM32F10x_StdPeriph_Driver/src/stm32f10x_pwr.o
 .debug_line    0x0000000000003fd0      0x754 ./libraries/STM32F10x_StdPeriph_Driver/src/stm32f10x_rcc.o
 .debug_line    0x0000000000004724      0x6ff ./libraries/STM32F10x_StdPeriph_Driver/src/stm32f10x_spi.o
 .debug_line    0x0000000000004e23      0xda6 ./libraries/STM32F10x_StdPeriph_Driver/src/stm32f10x_tim.o
 .debug_line    0x0000000000005bc9      0x37a ./libraries/CC3000_Host_Driver/cc3000_common.o
 .debug_line    0x0000000000005f43      0x8c7 ./libraries/CC3000_Host_Driver/evnt_handler.o
 .debug_line    0x000000000000680a      0x6b9 ./libraries/CC3000_Host_Driver/hci.o
 .debug_line    0x0000000000006ec3      0x441 ./libraries/CC3000_Host_Driver/nvmem.o
 .debug_line    0x0000000000007304      0x929 ./libraries/CC3000_Host_Driver/wlan.o

.debug_frame    0x0000000000000000     0x1ae0
 *(.debug_frame)
 .debug_frame   0x0000000000000000      0x1bc ./src/cc3000_spi.o
 .debug_frame   0x00000000000001bc      0x228 ./src/hw_config.o
 .debug_frame   0x00000000000003e4      0x134 ./src/main.o
 .debug_frame   0x0000000000000518      0x114 ./src/stm32_it.o
 .debug_frame   0x000000000000062c       0x34 ./src/system_stm32f10x.o
 .debug_frame   0x0000000000000660       0x6c ./libraries/STM32F10x_StdPeriph_Driver/src/misc.o
 .debug_frame   0x00000000000006cc       0xd0 ./libraries/STM32F10x_StdPeriph_Driver/src/stm32f10x_dma.o
 .debug_frame   0x000000000000079c       0x9c ./libraries/STM32F10x_StdPeriph_Driver/src/stm32f10x_exti.o
 .debug_frame   0x0000000000000838      0x180 ./libraries/STM32F10x_StdPeriph_Driver/src/stm32f10x_gpio.o
 .debug_frame   0x00000000000009b8       0xac ./libraries/STM32F10x_StdPeriph_Driver/src/stm32f10x_pwr.o
 .debug_frame   0x0000000000000a64      0x22c ./libraries/STM32F10x_StdPeriph_Driver/src/stm32f10x_rcc.o
 .debug_frame   0x0000000000000c90      0x1bc ./libraries/STM32F10x_StdPeriph_Driver/src/stm32f10x_spi.o
 .debug_frame   0x0000000000000e4c      0x690 ./libraries/STM32F10x_StdPeriph_Driver/src/stm32f10x_tim.o
 .debug_frame   0x00000000000014dc       0x6c ./libraries/CC3000_Host_Driver/cc3000_common.o
 .debug_frame   0x0000000000001548      0x104 ./libraries/CC3000_Host_Driver/evnt_handler.o
 .debug_frame   0x000000000000164c       0x9c ./libraries/CC3000_Host_Driver/hci.o
 .debug_frame   0x00000000000016e8      0x118 ./libraries/CC3000_Host_Driver/nvmem.o
 .debug_frame   0x0000000000001800      0x284 ./libraries/CC3000_Host_Driver/wlan.o
 .debug_frame   0x0000000000001a84       0x30 /usr/local/gcc-arm-none-eabi-4_7-2013q1/bin/../lib/gcc/arm-none-eabi/4.7.3/../../../../arm-none-eabi/lib/armv7-m/libg.a(lib_a-memcpy.o)
 .debug_frame   0x0000000000001ab4       0x2c /usr/local/gcc-arm-none-eabi-4_7-2013q1/bin/../lib/gcc/arm-none-eabi/4.7.3/../../../../arm-none-eabi/lib/armv7-m/libg.a(lib_a-memset.o)

.debug_str      0x0000000000000000    0x4c26a
 *(.debug_str)
 .debug_str     0x0000000000000000    0x46055 ./src/cc3000_spi.o
                                      0x46272 (size before relaxing)
 .debug_str     0x0000000000046055      0xc6c ./src/hw_config.o
                                      0x456d8 (size before relaxing)
 .debug_str     0x0000000000046cc1      0xd6b ./src/main.o
                                      0x4679b (size before relaxing)
 .debug_str     0x0000000000047a2c      0x144 ./src/stm32_it.o
                                      0x46684 (size before relaxing)
 .debug_str     0x0000000000047b70      0x10f ./src/system_stm32f10x.o
                                      0x41f51 (size before relaxing)
 .debug_str     0x0000000000047c7f      0x106 ./libraries/STM32F10x_StdPeriph_Driver/src/misc.o
                                      0x4204a (size before relaxing)
 .debug_str     0x0000000000047d85      0x5be ./libraries/STM32F10x_StdPeriph_Driver/src/stm32f10x_dma.o
                                      0x424eb (size before relaxing)
 .debug_str     0x0000000000048343       0xf8 ./libraries/STM32F10x_StdPeriph_Driver/src/stm32f10x_exti.o
                                      0x41fd7 (size before relaxing)
 .debug_str     0x000000000004843b      0x462 ./libraries/STM32F10x_StdPeriph_Driver/src/stm32f10x_gpio.o
                                      0x423c8 (size before relaxing)
 .debug_str     0x000000000004889d      0x2d1 ./libraries/STM32F10x_StdPeriph_Driver/src/stm32f10x_pwr.o
                                      0x42143 (size before relaxing)
 .debug_str     0x0000000000048b6e      0xa91 ./libraries/STM32F10x_StdPeriph_Driver/src/stm32f10x_rcc.o
                                      0x42997 (size before relaxing)
 .debug_str     0x00000000000495ff      0x4e7 ./libraries/STM32F10x_StdPeriph_Driver/src/stm32f10x_spi.o
                                      0x424f1 (size before relaxing)
 .debug_str     0x0000000000049ae6      0xa61 ./libraries/STM32F10x_StdPeriph_Driver/src/stm32f10x_tim.o
                                      0x42ae3 (size before relaxing)
 .debug_str     0x000000000004a547       0x8c ./libraries/CC3000_Host_Driver/cc3000_common.o
                                       0x6a37 (size before relaxing)
 .debug_str     0x000000000004a5d3      0x816 ./libraries/CC3000_Host_Driver/evnt_handler.o
                                      0x46e39 (size before relaxing)
 .debug_str     0x000000000004ade9       0xf6 ./libraries/CC3000_Host_Driver/hci.o
                                      0x464ba (size before relaxing)
 .debug_str     0x000000000004aedf      0xc8e ./libraries/CC3000_Host_Driver/nvmem.o
                                       0x7af0 (size before relaxing)
 .debug_str     0x000000000004bb6d      0x6fd ./libraries/CC3000_Host_Driver/wlan.o
                                      0x46f38 (size before relaxing)

.debug_loc      0x0000000000000000     0x6e1d
 *(.debug_loc)
 .debug_loc     0x0000000000000000      0x4f8 ./src/cc3000_spi.o
 .debug_loc     0x00000000000004f8      0x5ac ./src/hw_config.o
 .debug_loc     0x0000000000000aa4      0x287 ./src/main.o
 .debug_loc     0x0000000000000d2b       0x60 ./src/stm32_it.o
 .debug_loc     0x0000000000000d8b       0xfd ./src/system_stm32f10x.o
 .debug_loc     0x0000000000000e88      0x1de ./libraries/STM32F10x_StdPeriph_Driver/src/misc.o
 .debug_loc     0x0000000000001066      0x275 ./libraries/STM32F10x_StdPeriph_Driver/src/stm32f10x_dma.o
 .debug_loc     0x00000000000012db      0x218 ./libraries/STM32F10x_StdPeriph_Driver/src/stm32f10x_exti.o
 .debug_loc     0x00000000000014f3      0x62c ./libraries/STM32F10x_StdPeriph_Driver/src/stm32f10x_gpio.o
 .debug_loc     0x0000000000001b1f      0x178 ./libraries/STM32F10x_StdPeriph_Driver/src/stm32f10x_pwr.o
 .debug_loc     0x0000000000001c97      0x7a9 ./libraries/STM32F10x_StdPeriph_Driver/src/stm32f10x_rcc.o
 .debug_loc     0x0000000000002440      0x6ec ./libraries/STM32F10x_StdPeriph_Driver/src/stm32f10x_spi.o
 .debug_loc     0x0000000000002b2c     0x20a1 ./libraries/STM32F10x_StdPeriph_Driver/src/stm32f10x_tim.o
 .debug_loc     0x0000000000004bcd      0x170 ./libraries/CC3000_Host_Driver/cc3000_common.o
 .debug_loc     0x0000000000004d3d      0xcb9 ./libraries/CC3000_Host_Driver/evnt_handler.o
 .debug_loc     0x00000000000059f6      0x469 ./libraries/CC3000_Host_Driver/hci.o
 .debug_loc     0x0000000000005e5f      0x455 ./libraries/CC3000_Host_Driver/nvmem.o
 .debug_loc     0x00000000000062b4      0xb69 ./libraries/CC3000_Host_Driver/wlan.o

.debug_macinfo
 *(.debug_macinfo)

.debug_weaknames
 *(.debug_weaknames)

.debug_funcnames
 *(.debug_funcnames)

.debug_typenames
 *(.debug_typenames)

.debug_varnames
 *(.debug_varnames)
OUTPUT(cc3000-patch-programmer.elf elf32-littlearm)

.debug_ranges   0x0000000000000000      0xb68
 .debug_ranges  0x0000000000000000       0x20 ./startup/startup_stm32f10x_md.o
 .debug_ranges  0x0000000000000020       0x90 ./src/cc3000_spi.o
 .debug_ranges  0x00000000000000b0       0xe8 ./src/hw_config.o
 .debug_ranges  0x0000000000000198       0x60 ./src/main.o
 .debug_ranges  0x00000000000001f8       0x78 ./src/stm32_it.o
 .debug_ranges  0x0000000000000270       0x78 ./src/system_stm32f10x.o
 .debug_ranges  0x00000000000002e8       0x30 ./libraries/STM32F10x_StdPeriph_Driver/src/misc.o
 .debug_ranges  0x0000000000000318       0x60 ./libraries/STM32F10x_StdPeriph_Driver/src/stm32f10x_dma.o
 .debug_ranges  0x0000000000000378       0x48 ./libraries/STM32F10x_StdPeriph_Driver/src/stm32f10x_exti.o
 .debug_ranges  0x00000000000003c0       0x98 ./libraries/STM32F10x_StdPeriph_Driver/src/stm32f10x_gpio.o
 .debug_ranges  0x0000000000000458       0x50 ./libraries/STM32F10x_StdPeriph_Driver/src/stm32f10x_pwr.o
 .debug_ranges  0x00000000000004a8      0x108 ./libraries/STM32F10x_StdPeriph_Driver/src/stm32f10x_rcc.o
 .debug_ranges  0x00000000000005b0       0xc0 ./libraries/STM32F10x_StdPeriph_Driver/src/stm32f10x_spi.o
 .debug_ranges  0x0000000000000670      0x340 ./libraries/STM32F10x_StdPeriph_Driver/src/stm32f10x_tim.o
 .debug_ranges  0x00000000000009b0       0x30 ./libraries/CC3000_Host_Driver/cc3000_common.o
 .debug_ranges  0x00000000000009e0       0x78 ./libraries/CC3000_Host_Driver/evnt_handler.o
 .debug_ranges  0x0000000000000a58       0x28 ./libraries/CC3000_Host_Driver/hci.o
 .debug_ranges  0x0000000000000a80       0x40 ./libraries/CC3000_Host_Driver/nvmem.o
 .debug_ranges  0x0000000000000ac0       0xa8 ./libraries/CC3000_Host_Driver/wlan.o

.debug_macro    0x0000000000000000     0xfa03
 .debug_macro   0x0000000000000000      0x250 ./src/cc3000_spi.o
 .debug_macro   0x0000000000000250      0x808 ./src/cc3000_spi.o
 .debug_macro   0x0000000000000a58       0x3a ./src/cc3000_spi.o
 .debug_macro   0x0000000000000a92       0x10 ./src/cc3000_spi.o
 .debug_macro   0x0000000000000aa2       0x2e ./src/cc3000_spi.o
 .debug_macro   0x0000000000000ad0       0xa2 ./src/cc3000_spi.o
 .debug_macro   0x0000000000000b72       0x3a ./src/cc3000_spi.o
 .debug_macro   0x0000000000000bac       0x52 ./src/cc3000_spi.o
 .debug_macro   0x0000000000000bfe       0x19 ./src/cc3000_spi.o
 .debug_macro   0x0000000000000c17      0x16d ./src/cc3000_spi.o
 .debug_macro   0x0000000000000d84       0x89 ./src/cc3000_spi.o
 .debug_macro   0x0000000000000e0d       0x22 ./src/cc3000_spi.o
 .debug_macro   0x0000000000000e2f       0x10 ./src/cc3000_spi.o
 .debug_macro   0x0000000000000e3f       0x5d ./src/cc3000_spi.o
 .debug_macro   0x0000000000000e9c       0x3a ./src/cc3000_spi.o
 .debug_macro   0x0000000000000ed6      0x214 ./src/cc3000_spi.o
 .debug_macro   0x00000000000010ea       0x18 ./src/cc3000_spi.o
 .debug_macro   0x0000000000001102      0xa8b ./src/cc3000_spi.o
 .debug_macro   0x0000000000001b8d     0x7eb3 ./src/cc3000_spi.o
 .debug_macro   0x0000000000009a40      0x144 ./src/cc3000_spi.o
 .debug_macro   0x0000000000009b84      0x3b0 ./src/cc3000_spi.o
 .debug_macro   0x0000000000009f34       0x9d ./src/cc3000_spi.o
 .debug_macro   0x0000000000009fd1      0x2d5 ./src/cc3000_spi.o
 .debug_macro   0x000000000000a2a6      0x2ad ./src/cc3000_spi.o
 .debug_macro   0x000000000000a553       0x82 ./src/cc3000_spi.o
 .debug_macro   0x000000000000a5d5      0x3e2 ./src/cc3000_spi.o
 .debug_macro   0x000000000000a9b7      0x2c4 ./src/cc3000_spi.o
 .debug_macro   0x000000000000ac7b      0x711 ./src/cc3000_spi.o
 .debug_macro   0x000000000000b38c       0x8c ./src/cc3000_spi.o
 .debug_macro   0x000000000000b418       0x35 ./src/cc3000_spi.o
 .debug_macro   0x000000000000b44d      0x19c ./src/cc3000_spi.o
 .debug_macro   0x000000000000b5e9       0x10 ./src/cc3000_spi.o
 .debug_macro   0x000000000000b5f9       0x89 ./src/cc3000_spi.o
 .debug_macro   0x000000000000b682       0x16 ./src/cc3000_spi.o
 .debug_macro   0x000000000000b698       0x23 ./src/cc3000_spi.o
 .debug_macro   0x000000000000b6bb       0x10 ./src/cc3000_spi.o
 .debug_macro   0x000000000000b6cb      0x23f ./src/cc3000_spi.o
 .debug_macro   0x000000000000b90a       0x99 ./src/cc3000_spi.o
 .debug_macro   0x000000000000b9a3       0x10 ./src/cc3000_spi.o
 .debug_macro   0x000000000000b9b3      0x307 ./src/cc3000_spi.o
 .debug_macro   0x000000000000bcba       0x22 ./src/cc3000_spi.o
 .debug_macro   0x000000000000bcdc       0x5e ./src/cc3000_spi.o
 .debug_macro   0x000000000000bd3a      0x1d3 ./src/hw_config.o
 .debug_macro   0x000000000000bf0d      0x20e ./src/hw_config.o
 .debug_macro   0x000000000000c11b      0x100 ./src/hw_config.o
 .debug_macro   0x000000000000c21b       0x29 ./src/hw_config.o
 .debug_macro   0x000000000000c244      0x25c ./src/main.o
 .debug_macro   0x000000000000c4a0      0x154 ./src/main.o
 .debug_macro   0x000000000000c5f4       0x36 ./src/main.o
 .debug_macro   0x000000000000c62a       0x64 ./src/main.o
 .debug_macro   0x000000000000c68e      0x236 ./src/stm32_it.o
 .debug_macro   0x000000000000c8c4      0x125 ./src/system_stm32f10x.o
 .debug_macro   0x000000000000c9e9      0x129 ./libraries/STM32F10x_StdPeriph_Driver/src/misc.o
 .debug_macro   0x000000000000cb12       0x86 ./libraries/STM32F10x_StdPeriph_Driver/src/misc.o
 .debug_macro   0x000000000000cb98      0x177 ./libraries/STM32F10x_StdPeriph_Driver/src/stm32f10x_dma.o
 .debug_macro   0x000000000000cd0f      0x129 ./libraries/STM32F10x_StdPeriph_Driver/src/stm32f10x_exti.o
 .debug_macro   0x000000000000ce38       0x97 ./libraries/STM32F10x_StdPeriph_Driver/src/stm32f10x_exti.o
 .debug_macro   0x000000000000cecf      0x171 ./libraries/STM32F10x_StdPeriph_Driver/src/stm32f10x_gpio.o
 .debug_macro   0x000000000000d040      0x2a7 ./libraries/STM32F10x_StdPeriph_Driver/src/stm32f10x_gpio.o
 .debug_macro   0x000000000000d2e7      0x165 ./libraries/STM32F10x_StdPeriph_Driver/src/stm32f10x_pwr.o
 .debug_macro   0x000000000000d44c       0x7c ./libraries/STM32F10x_StdPeriph_Driver/src/stm32f10x_pwr.o
 .debug_macro   0x000000000000d4c8      0x243 ./libraries/STM32F10x_StdPeriph_Driver/src/stm32f10x_rcc.o
 .debug_macro   0x000000000000d70b      0x3dc ./libraries/STM32F10x_StdPeriph_Driver/src/stm32f10x_rcc.o
 .debug_macro   0x000000000000dae7      0x189 ./libraries/STM32F10x_StdPeriph_Driver/src/stm32f10x_spi.o
 .debug_macro   0x000000000000dc70      0x2be ./libraries/STM32F10x_StdPeriph_Driver/src/stm32f10x_spi.o
 .debug_macro   0x000000000000df2e      0x13b ./libraries/STM32F10x_StdPeriph_Driver/src/stm32f10x_tim.o
 .debug_macro   0x000000000000e069      0x70b ./libraries/STM32F10x_StdPeriph_Driver/src/stm32f10x_tim.o
 .debug_macro   0x000000000000e774      0x125 ./libraries/CC3000_Host_Driver/cc3000_common.o
 .debug_macro   0x000000000000e899      0x30d ./libraries/CC3000_Host_Driver/cc3000_common.o
 .debug_macro   0x000000000000eba6      0x325 ./libraries/CC3000_Host_Driver/evnt_handler.o
 .debug_macro   0x000000000000eecb       0x10 ./libraries/CC3000_Host_Driver/evnt_handler.o
 .debug_macro   0x000000000000eedb       0x12 ./libraries/CC3000_Host_Driver/evnt_handler.o
 .debug_macro   0x000000000000eeed       0x1c ./libraries/CC3000_Host_Driver/evnt_handler.o
 .debug_macro   0x000000000000ef09      0x247 ./libraries/CC3000_Host_Driver/hci.o
 .debug_macro   0x000000000000f150       0x1c ./libraries/CC3000_Host_Driver/hci.o
 .debug_macro   0x000000000000f16c      0x1a7 ./libraries/CC3000_Host_Driver/nvmem.o
 .debug_macro   0x000000000000f313       0x10 ./libraries/CC3000_Host_Driver/nvmem.o
 .debug_macro   0x000000000000f323       0x10 ./libraries/CC3000_Host_Driver/nvmem.o
 .debug_macro   0x000000000000f333       0x10 ./libraries/CC3000_Host_Driver/nvmem.o
 .debug_macro   0x000000000000f343       0xf5 ./libraries/CC3000_Host_Driver/nvmem.o
 .debug_macro   0x000000000000f438       0x22 ./libraries/CC3000_Host_Driver/nvmem.o
 .debug_macro   0x000000000000f45a       0x91 ./libraries/CC3000_Host_Driver/nvmem.o
 .debug_macro   0x000000000000f4eb       0x16 ./libraries/CC3000_Host_Driver/nvmem.o
 .debug_macro   0x000000000000f501      0x16d ./libraries/CC3000_Host_Driver/nvmem.o
 .debug_macro   0x000000000000f66e       0x35 ./libraries/CC3000_Host_Driver/nvmem.o
 .debug_macro   0x000000000000f6a3       0x5e ./libraries/CC3000_Host_Driver/nvmem.o
 .debug_macro   0x000000000000f701      0x2f2 ./libraries/CC3000_Host_Driver/wlan.o
 .debug_macro   0x000000000000f9f3       0x10 ./libraries/CC3000_Host_Driver/wlan.o
